------------------------------------------------------------------------------------------------------------------------

[2026-05-06 17:56:31 #1 store] 
Database '/home/jon/Documentos/git/market26/Market26/products.temp' has been recovered (tr. 8-11)

[2026-05-06 17:56:31 #2 store] 
Database '/home/jon/Documentos/git/market26/Market26/products.temp' is opened by 17543@jon

[2026-05-06 17:56:32 #3 type] 
Type domain.Seller is not enhanced.

[2026-05-06 17:56:32 #4 type] 
Type domain.Sale is not enhanced.

[2026-05-06 17:56:32 #5 type] 
Type domain.CounterOffer is not enhanced.

[2026-05-06 17:56:32 #6 type] 
Type domain.Buyer is not enhanced.

------------------------------------------------------------------------------------------------------------------------

[2026-05-06 18:06:04 #1 store] 
Database '/home/jon/Documentos/git/market26/Market26/products.temp' has been recovered (tr. 12-17)

[2026-05-06 18:06:04 #2 store] 
Database '/home/jon/Documentos/git/market26/Market26/products.temp' is opened by 22873@jon

[2026-05-06 18:06:04 #3 type] 
Type domain.Seller is not enhanced.

[2026-05-06 18:06:05 #4 type] 
Type domain.Sale is not enhanced.

[2026-05-06 18:06:05 #5 type] 
Type domain.CounterOffer is not enhanced.

[2026-05-06 18:06:05 #6 type] 
Type domain.Buyer is not enhanced.

------------------------------------------------------------------------------------------------------------------------

[2026-05-06 18:11:31 #1 store] 
Database '/home/jon/Documentos/git/market26/Market26/products.temp' is opened by 26062@jon

[2026-05-06 18:11:31 #2 type] 
Type domain.Seller is not enhanced.

[2026-05-06 18:11:31 #3 type] 
Type domain.Sale is not enhanced.

[2026-05-06 18:11:31 #4 type] 
Type domain.CounterOffer is not enhanced.

[2026-05-06 18:11:31 #5 type] 
Type domain.Buyer is not enhanced.

------------------------------------------------------------------------------------------------------------------------

[2026-05-06 18:25:46 #1 store] 
Database '/home/jon/Documentos/git/market26/Market26/products.temp' has been recovered (tr. 18-18)

[2026-05-06 18:25:46 #2 store] 
Database '/home/jon/Documentos/git/market26/Market26/products.temp' is opened by 33025@jon

[2026-05-06 18:25:46 #3 type] 
Type domain.Seller is not enhanced.

[2026-05-06 18:25:46 #4 type] 
Type domain.Sale is not enhanced.

[2026-05-06 18:25:46 #5 type] 
Type domain.CounterOffer is not enhanced.

[2026-05-06 18:25:46 #6 type] 
Type domain.Buyer is not enhanced.

------------------------------------------------------------------------------------------------------------------------

[2026-05-06 18:27:06 #1 store] 
Database '/home/jon/Documentos/git/market26/Market26/products.temp' is opened by 33839@jon

[2026-05-06 18:27:06 #2 type] 
Type domain.Seller is not enhanced.

[2026-05-06 18:27:06 #3 type] 
Type domain.Sale is not enhanced.

[2026-05-06 18:27:06 #4 type] 
Type domain.CounterOffer is not enhanced.

[2026-05-06 18:27:06 #5 type] 
Type domain.Buyer is not enhanced.

------------------------------------------------------------------------------------------------------------------------

[2026-05-06 18:30:35 #1 store] 
Database '/home/jon/Documentos/git/market26/Market26/products.temp' is opened by 35813@jon

[2026-05-06 18:30:35 #2 type] 
Type domain.Seller is not enhanced.

[2026-05-06 18:30:35 #3 type] 
Type domain.Sale is not enhanced.

[2026-05-06 18:30:35 #4 type] 
Type domain.CounterOffer is not enhanced.

[2026-05-06 18:30:35 #5 type] 
Type domain.Buyer is not enhanced.

------------------------------------------------------------------------------------------------------------------------

[2026-05-06 18:34:29 #1 store] 
Database '/home/jon/Documentos/git/market26/Market26/products.temp' is opened by 38032@jon

[2026-05-06 18:34:30 #2 type] 
Type domain.Seller is not enhanced.

[2026-05-06 18:34:30 #3 type] 
Type domain.Sale is not enhanced.

[2026-05-06 18:34:30 #4 type] 
Type domain.CounterOffer is not enhanced.

[2026-05-06 18:34:30 #5 type] 
Type domain.Buyer is not enhanced.

------------------------------------------------------------------------------------------------------------------------

[2026-05-06 18:42:34 #1 store] 
Database '/home/jon/Documentos/git/market26/Market26/products.temp' has been recovered (tr. 19-19)

[2026-05-06 18:42:34 #2 store] 
Database '/home/jon/Documentos/git/market26/Market26/products.temp' is opened by 42202@jon

[2026-05-06 18:42:35 #3 type] 
Type domain.Seller is not enhanced.

[2026-05-06 18:42:35 #4 type] 
Type domain.Sale is not enhanced.

[2026-05-06 18:42:35 #5 type] 
Type domain.CounterOffer is not enhanced.

[2026-05-06 18:42:35 #6 type] 
Type domain.Buyer is not enhanced.

------------------------------------------------------------------------------------------------------------------------

[2026-05-06 18:47:57 #1 store] 
Database '/home/jon/Documentos/git/market26/Market26/products.temp' is opened by 45104@jon

[2026-05-06 18:47:58 #2 type] 
Type domain.Seller is not enhanced.

[2026-05-06 18:47:58 #3 type] 
Type domain.Sale is not enhanced.

[2026-05-06 18:47:58 #4 type] 
Type domain.CounterOffer is not enhanced.

[2026-05-06 18:47:58 #5 type] 
Type domain.Buyer is not enhanced.

